<!DOCTYPE html>
<html lang="en">
<head>
  <title>T11</title>
  <meta charset="UTF-8">
  <meta name="viewport" content="width=device-width, initial-scale=1.0">
  <link rel="icon" type="image/x-icon" href="/assets/images/dtec_favicon.PNG">
  
  <!-- stylesheets *******************************************-->
  <link rel="stylesheet" href="/css/style.css">
</head>

<!--*************************************************************
  BODY
**************************************************************-->
<body>
  <script src="/t11_testing_expected.js"></script>
</body>
</html>
<!--*************************************************************
  END OF T11_TESTING_EXPECTED.HTML
**************************************************************-->